C:\Users\superman\Desktop\CrabbLoderup\hardware\implementation\system.ngc 1509702086
C:/Users/superman/Desktop/CrabbLoderup/hardware/implementation/push_buttons_5bits_wrapper.ngc 1509683053
C:/Users/superman/Desktop/CrabbLoderup/hardware/implementation/rs232_uart_1_wrapper.ngc 1509683053
C:/Users/superman/Desktop/CrabbLoderup/hardware/implementation/proc_sys_reset_0_wrapper.ngc 1509683053
C:/Users/superman/Desktop/CrabbLoderup/hardware/implementation/clock_generator_0_wrapper.ngc 1509683074
C:/Users/superman/Desktop/CrabbLoderup/hardware/implementation/axi_hdmi_0_wrapper.ngc 1509683053
C:/Users/superman/Desktop/CrabbLoderup/hardware/implementation/axi_ac97_0_wrapper.ngc 1509683071
C:/Users/superman/Desktop/CrabbLoderup/hardware/implementation/microblaze_0_ilmb_wrapper.ngc 1509683053
C:/Users/superman/Desktop/CrabbLoderup/hardware/implementation/microblaze_0_dlmb_wrapper.ngc 1509683053
C:/Users/superman/Desktop/CrabbLoderup/hardware/implementation/mcb_ddr2_wrapper.ngc 1509683053
C:/Users/superman/Desktop/CrabbLoderup/hardware/implementation/axi4lite_0_wrapper.ngc 1509683053
C:/Users/superman/Desktop/CrabbLoderup/hardware/implementation/axi4_0_wrapper.ngc 1509683053
C:/Users/superman/Desktop/CrabbLoderup/hardware/implementation/microblaze_0_wrapper.ngc 1509683053
C:/Users/superman/Desktop/CrabbLoderup/hardware/implementation/axi_vdma_0_wrapper.ngc 1509683053
C:/Users/superman/Desktop/CrabbLoderup/hardware/implementation/axi_intc_0_wrapper.ngc 1509683053
C:/Users/superman/Desktop/CrabbLoderup/hardware/implementation/microblaze_0_i_bram_ctrl_wrapper.ngc 1509683053
C:/Users/superman/Desktop/CrabbLoderup/hardware/implementation/microblaze_0_d_bram_ctrl_wrapper.ngc 1509683053
C:/Users/superman/Desktop/CrabbLoderup/hardware/implementation/debug_module_wrapper.ngc 1509683053
C:/Users/superman/Desktop/CrabbLoderup/hardware/implementation/digilent_quadspi_cntlr_wrapper.ngc 1509683053
C:/Users/superman/Desktop/CrabbLoderup/hardware/implementation/axi_timer_0_wrapper.ngc 1509683053
C:/Users/superman/Desktop/CrabbLoderup/hardware/implementation/fit_timer_0_wrapper.ngc 1509683053
C:/Users/superman/Desktop/CrabbLoderup/hardware/implementation/microblaze_0_bram_block_wrapper.ngc 1509683053
OK
