
**** Build of configuration Debug for project space_invaders ****

make all 
Building file: ../src/tank.c
Invoking: MicroBlaze gcc compiler
mb-gcc -Wall -O0 -g3 -c -fmessage-length=0 -I../../space_invaders_bsp_0/microblaze_0/include -mlittle-endian -mxl-barrel-shift -mxl-pattern-compare -mcpu=v8.20.b -mno-xl-soft-mul -MMD -MP -MF"src/tank.d" -MT"src/tank.d" -o"src/tank.o" "../src/tank.c"
Finished building: ../src/tank.c
 
Building target: space_invaders.elf
Invoking: MicroBlaze gcc linker
mb-gcc -Wl,-T -Wl,../src/lscript.ld -L../../space_invaders_bsp_0/microblaze_0/lib -mlittle-endian -mxl-barrel-shift -mxl-pattern-compare -mcpu=v8.20.b -mno-xl-soft-mul -o"space_invaders.elf"  ./src/alien.o ./src/bullet.o ./src/bunker.o ./src/controller_driver.o ./src/functions.o ./src/globals.o ./src/main.o ./src/pit_driver.o ./src/platform.o ./src/render.o ./src/saucer.o ./src/sound.o ./src/tank.o ./src/xac97_l.o  ./src/sounds/explosion.o ./src/sounds/fastinvader1.o ./src/sounds/fastinvader2.o ./src/sounds/fastinvader3.o ./src/sounds/fastinvader4.o ./src/sounds/invaderkilled.o ./src/sounds/shoot.o ./src/sounds/ufo_highpitch.o ./src/sounds/ufo_lowpitch.o  ./.metadata/.plugins/org.eclipse.cdt.make.core/specs.o   -Wl,--start-group,-lxil,-lgcc,-lc,--end-group
Finished building target: space_invaders.elf
 
Invoking: MicroBlaze Print Size
mb-size space_invaders.elf  |tee "space_invaders.elf.size"
   text	   data	    bss	    dec	    hex	filename
 106356	 193500	   5696	 305552	  4a990	space_invaders.elf
Finished building: space_invaders.elf.size
 
Invoking: Xilinx ELF Check
elfcheck space_invaders.elf -hw ../../SpaceInvadersHW_hw_platform/system.xml -pe microblaze_0  |tee "space_invaders.elf.elfcheck"
elfcheck
Xilinx EDK 13.4 Build EDK_O.87xd
Copyright (c) 1995-2011 Xilinx, Inc.  All rights reserved.

Command Line: elfcheck -hw ../../SpaceInvadersHW_hw_platform/system.xml -pe
microblaze_0 space_invaders.elf 

ELF file	: space_invaders.elf
elfcheck passed.
Finished building: space_invaders.elf.elfcheck
 
